Version String:           Icarus Verilog
Date String:              Fri May 13 20:46:14 2022

File Type:                0
Var Count:                7
Scope Count:              2
Alias Count:              3
Start Time:               0
End Time:                 800
Time Scale:               0
Time Zero:                0
Value Change Section Cnt: 1
DUMP HIRARCHY: 
+ Scope:
  + Type:          0
  + Name:          tb
  + Component:     
  + Var:
    + Type:          16
    + Name:          overflow
    + Direction:     0
    + SVT Workspace: 0
    + SDT Workspace: 0
    + SXT Workspace: 0
    + Length:        1
    + fstHandle:     1
    + is_alias:      0
  + Var:
    + Type:          5
    + Name:          clk
    + Direction:     0
    + SVT Workspace: 0
    + SDT Workspace: 0
    + SXT Workspace: 0
    + Length:        1
    + fstHandle:     2
    + is_alias:      0
  + Var:
    + Type:          5
    + Name:          reset
    + Direction:     0
    + SVT Workspace: 0
    + SDT Workspace: 0
    + SXT Workspace: 0
    + Length:        1
    + fstHandle:     3
    + is_alias:      0
  + Scope:
    + Type:          0
    + Name:          dut
    + Component:     
    + Var:
      + Type:          16
      + Name:          clk
      + Direction:     0
      + SVT Workspace: 0
      + SDT Workspace: 0
      + SXT Workspace: 0
      + Length:        1
      + fstHandle:     2
      + is_alias:      1
    + Var:
      + Type:          16
      + Name:          reset
      + Direction:     0
      + SVT Workspace: 0
      + SDT Workspace: 0
      + SXT Workspace: 0
      + Length:        1
      + fstHandle:     3
      + is_alias:      1
    + Var:
      + Type:          16
      + Name:          overflow
      + Direction:     0
      + SVT Workspace: 0
      + SDT Workspace: 0
      + SXT Workspace: 0
      + Length:        1
      + fstHandle:     1
      + is_alias:      1
    + Var:
      + Type:          5
      + Name:          counter [3:0]
      + Direction:     0
      + SVT Workspace: 0
      + SDT Workspace: 0
      + SXT Workspace: 0
      + Length:        4
      + fstHandle:     4
      + is_alias:      0

scopes:  ['tb', 'tb.dut']
signals: {'tb.overflow': 1, 'tb.clk': 2, 'tb.reset': 3, 'tb.dut.clk': 2, 'tb.dut.reset': 3, 'tb.dut.overflow': 1, 'tb.dut.counter [3:0]': 4}

'tb.overflow'; 'tb.clk'; 'tb.reset'; 'tb.dut.clk'; 'tb.dut.reset'; 'tb.dut.overflow'; 'tb.dut.counter [3:0]'; 
    0; 0; 0; 1; 0; 1; 0; 0000; 
   10; 0; 1; 1; 1; 1; 0; 0000; 
   20; 0; 0; 1; 0; 1; 0; 0000; 
   30; 0; 1; 1; 1; 1; 0; 0000; 
   40; 0; 0; 1; 0; 1; 0; 0000; 
   50; 0; 1; 1; 1; 1; 0; 0000; 
   60; 0; 0; 1; 0; 1; 0; 0000; 
   70; 0; 1; 1; 1; 1; 0; 0000; 
   80; 0; 0; 1; 0; 1; 0; 0000; 
   90; 0; 1; 1; 1; 1; 0; 0000; 
  100; 0; 0; 0; 0; 0; 0; 0000; 
  110; 0; 1; 0; 1; 0; 0; 0001; 
  120; 0; 0; 0; 0; 0; 0; 0001; 
  130; 0; 1; 0; 1; 0; 0; 0010; 
  140; 0; 0; 0; 0; 0; 0; 0010; 
  150; 0; 1; 0; 1; 0; 0; 0011; 
  160; 0; 0; 0; 0; 0; 0; 0011; 
  170; 0; 1; 0; 1; 0; 0; 0100; 
  180; 0; 0; 0; 0; 0; 0; 0100; 
  190; 0; 1; 0; 1; 0; 0; 0101; 
  200; 0; 0; 0; 0; 0; 0; 0101; 
  210; 0; 1; 0; 1; 0; 0; 0110; 
  220; 0; 0; 0; 0; 0; 0; 0110; 
  230; 0; 1; 0; 1; 0; 0; 0111; 
  240; 0; 0; 0; 0; 0; 0; 0111; 
  250; 0; 1; 0; 1; 0; 0; 1000; 
  260; 0; 0; 0; 0; 0; 0; 1000; 
  270; 0; 1; 0; 1; 0; 0; 1001; 
  280; 0; 0; 0; 0; 0; 0; 1001; 
  290; 0; 1; 0; 1; 0; 0; 1010; 
  300; 0; 0; 0; 0; 0; 0; 1010; 
  310; 0; 1; 0; 1; 0; 0; 1011; 
  320; 0; 0; 0; 0; 0; 0; 1011; 
  330; 0; 1; 0; 1; 0; 0; 1100; 
  340; 0; 0; 0; 0; 0; 0; 1100; 
  350; 0; 1; 0; 1; 0; 0; 1101; 
  360; 0; 0; 0; 0; 0; 0; 1101; 
  370; 0; 1; 0; 1; 0; 0; 1110; 
  380; 0; 0; 0; 0; 0; 0; 1110; 
  390; 1; 1; 0; 1; 0; 1; 1111; 
  400; 1; 0; 0; 0; 0; 1; 1111; 
  410; 0; 1; 0; 1; 0; 0; 0000; 
  420; 0; 0; 0; 0; 0; 0; 0000; 
  430; 0; 1; 0; 1; 0; 0; 0001; 
  440; 0; 0; 0; 0; 0; 0; 0001; 
  450; 0; 1; 0; 1; 0; 0; 0010; 
  460; 0; 0; 0; 0; 0; 0; 0010; 
  470; 0; 1; 0; 1; 0; 0; 0011; 
  480; 0; 0; 0; 0; 0; 0; 0011; 
  490; 0; 1; 0; 1; 0; 0; 0100; 
  500; 0; 0; 0; 0; 0; 0; 0100; 
  510; 0; 1; 0; 1; 0; 0; 0101; 
  520; 0; 0; 0; 0; 0; 0; 0101; 
  530; 0; 1; 0; 1; 0; 0; 0110; 
  540; 0; 0; 0; 0; 0; 0; 0110; 
  550; 0; 1; 0; 1; 0; 0; 0111; 
  560; 0; 0; 0; 0; 0; 0; 0111; 
  570; 0; 1; 0; 1; 0; 0; 1000; 
  580; 0; 0; 0; 0; 0; 0; 1000; 
  590; 0; 1; 0; 1; 0; 0; 1001; 
  600; 0; 0; 0; 0; 0; 0; 1001; 
  610; 0; 1; 0; 1; 0; 0; 1010; 
  620; 0; 0; 0; 0; 0; 0; 1010; 
  630; 0; 1; 0; 1; 0; 0; 1011; 
  640; 0; 0; 0; 0; 0; 0; 1011; 
  650; 0; 1; 0; 1; 0; 0; 1100; 
  660; 0; 0; 0; 0; 0; 0; 1100; 
  670; 0; 1; 0; 1; 0; 0; 1101; 
  680; 0; 0; 0; 0; 0; 0; 1101; 
  690; 0; 1; 0; 1; 0; 0; 1110; 
  700; 0; 0; 0; 0; 0; 0; 1110; 
  710; 1; 1; 0; 1; 0; 1; 1111; 
  720; 1; 0; 0; 0; 0; 1; 1111; 
  730; 0; 1; 0; 1; 0; 0; 0000; 
  740; 0; 0; 0; 0; 0; 0; 0000; 
  750; 0; 1; 0; 1; 0; 0; 0001; 
  760; 0; 0; 0; 0; 0; 0; 0001; 
  770; 0; 1; 0; 1; 0; 0; 0010; 
  780; 0; 0; 0; 0; 0; 0; 0010; 
  790; 0; 1; 0; 1; 0; 0; 0011; 
  800; 0; 0; 0; 0; 0; 0; 0011; 

done
