fstReaderIterBlocks
value_change_callback My_Test_Data 0 4 tb.dut.counter [3:0] 0000
value_change_callback My_Test_Data 0 3 tb.reset 1
value_change_callback My_Test_Data 0 2 tb.clk 0
value_change_callback My_Test_Data 0 1 tb.overflow 0
value_change_callback My_Test_Data 10 2 tb.clk 1
value_change_callback My_Test_Data 20 2 tb.clk 0
value_change_callback My_Test_Data 30 2 tb.clk 1
value_change_callback My_Test_Data 40 2 tb.clk 0
value_change_callback My_Test_Data 50 2 tb.clk 1
value_change_callback My_Test_Data 60 2 tb.clk 0
value_change_callback My_Test_Data 70 2 tb.clk 1
value_change_callback My_Test_Data 80 2 tb.clk 0
value_change_callback My_Test_Data 90 2 tb.clk 1
value_change_callback My_Test_Data 100 2 tb.clk 0
value_change_callback My_Test_Data 100 3 tb.reset 0
value_change_callback My_Test_Data 110 2 tb.clk 1
value_change_callback My_Test_Data 110 4 tb.dut.counter [3:0] 0001
value_change_callback My_Test_Data 120 2 tb.clk 0
value_change_callback My_Test_Data 130 2 tb.clk 1
value_change_callback My_Test_Data 130 4 tb.dut.counter [3:0] 0010
value_change_callback My_Test_Data 140 2 tb.clk 0
value_change_callback My_Test_Data 150 2 tb.clk 1
value_change_callback My_Test_Data 150 4 tb.dut.counter [3:0] 0011
value_change_callback My_Test_Data 160 2 tb.clk 0
value_change_callback My_Test_Data 170 2 tb.clk 1
value_change_callback My_Test_Data 170 4 tb.dut.counter [3:0] 0100
value_change_callback My_Test_Data 180 2 tb.clk 0
value_change_callback My_Test_Data 190 2 tb.clk 1
value_change_callback My_Test_Data 190 4 tb.dut.counter [3:0] 0101
value_change_callback My_Test_Data 200 2 tb.clk 0
value_change_callback My_Test_Data 210 2 tb.clk 1
value_change_callback My_Test_Data 210 4 tb.dut.counter [3:0] 0110
value_change_callback My_Test_Data 220 2 tb.clk 0
value_change_callback My_Test_Data 230 2 tb.clk 1
value_change_callback My_Test_Data 230 4 tb.dut.counter [3:0] 0111
value_change_callback My_Test_Data 240 2 tb.clk 0
value_change_callback My_Test_Data 250 2 tb.clk 1
value_change_callback My_Test_Data 250 4 tb.dut.counter [3:0] 1000
value_change_callback My_Test_Data 260 2 tb.clk 0
value_change_callback My_Test_Data 270 2 tb.clk 1
value_change_callback My_Test_Data 270 4 tb.dut.counter [3:0] 1001
value_change_callback My_Test_Data 280 2 tb.clk 0
value_change_callback My_Test_Data 290 2 tb.clk 1
value_change_callback My_Test_Data 290 4 tb.dut.counter [3:0] 1010
value_change_callback My_Test_Data 300 2 tb.clk 0
value_change_callback My_Test_Data 310 2 tb.clk 1
value_change_callback My_Test_Data 310 4 tb.dut.counter [3:0] 1011
value_change_callback My_Test_Data 320 2 tb.clk 0
value_change_callback My_Test_Data 330 2 tb.clk 1
value_change_callback My_Test_Data 330 4 tb.dut.counter [3:0] 1100
value_change_callback My_Test_Data 340 2 tb.clk 0
value_change_callback My_Test_Data 350 2 tb.clk 1
value_change_callback My_Test_Data 350 4 tb.dut.counter [3:0] 1101
value_change_callback My_Test_Data 360 2 tb.clk 0
value_change_callback My_Test_Data 370 2 tb.clk 1
value_change_callback My_Test_Data 370 4 tb.dut.counter [3:0] 1110
value_change_callback My_Test_Data 380 2 tb.clk 0
value_change_callback My_Test_Data 390 2 tb.clk 1
value_change_callback My_Test_Data 390 4 tb.dut.counter [3:0] 1111
value_change_callback My_Test_Data 390 1 tb.overflow 1
value_change_callback My_Test_Data 400 2 tb.clk 0
value_change_callback My_Test_Data 410 2 tb.clk 1
value_change_callback My_Test_Data 410 1 tb.overflow 0
value_change_callback My_Test_Data 410 4 tb.dut.counter [3:0] 0000
value_change_callback My_Test_Data 420 2 tb.clk 0
value_change_callback My_Test_Data 430 2 tb.clk 1
value_change_callback My_Test_Data 430 4 tb.dut.counter [3:0] 0001
value_change_callback My_Test_Data 440 2 tb.clk 0
value_change_callback My_Test_Data 450 2 tb.clk 1
value_change_callback My_Test_Data 450 4 tb.dut.counter [3:0] 0010
value_change_callback My_Test_Data 460 2 tb.clk 0
value_change_callback My_Test_Data 470 2 tb.clk 1
value_change_callback My_Test_Data 470 4 tb.dut.counter [3:0] 0011
value_change_callback My_Test_Data 480 2 tb.clk 0
value_change_callback My_Test_Data 490 2 tb.clk 1
value_change_callback My_Test_Data 490 4 tb.dut.counter [3:0] 0100
value_change_callback My_Test_Data 500 2 tb.clk 0
value_change_callback My_Test_Data 510 2 tb.clk 1
value_change_callback My_Test_Data 510 4 tb.dut.counter [3:0] 0101
value_change_callback My_Test_Data 520 2 tb.clk 0
value_change_callback My_Test_Data 530 2 tb.clk 1
value_change_callback My_Test_Data 530 4 tb.dut.counter [3:0] 0110
value_change_callback My_Test_Data 540 2 tb.clk 0
value_change_callback My_Test_Data 550 2 tb.clk 1
value_change_callback My_Test_Data 550 4 tb.dut.counter [3:0] 0111
value_change_callback My_Test_Data 560 2 tb.clk 0
value_change_callback My_Test_Data 570 2 tb.clk 1
value_change_callback My_Test_Data 570 4 tb.dut.counter [3:0] 1000
value_change_callback My_Test_Data 580 2 tb.clk 0
value_change_callback My_Test_Data 590 2 tb.clk 1
value_change_callback My_Test_Data 590 4 tb.dut.counter [3:0] 1001
value_change_callback My_Test_Data 600 2 tb.clk 0
value_change_callback My_Test_Data 610 2 tb.clk 1
value_change_callback My_Test_Data 610 4 tb.dut.counter [3:0] 1010
value_change_callback My_Test_Data 620 2 tb.clk 0
value_change_callback My_Test_Data 630 2 tb.clk 1
value_change_callback My_Test_Data 630 4 tb.dut.counter [3:0] 1011
value_change_callback My_Test_Data 640 2 tb.clk 0
value_change_callback My_Test_Data 650 2 tb.clk 1
value_change_callback My_Test_Data 650 4 tb.dut.counter [3:0] 1100
value_change_callback My_Test_Data 660 2 tb.clk 0
value_change_callback My_Test_Data 670 2 tb.clk 1
value_change_callback My_Test_Data 670 4 tb.dut.counter [3:0] 1101
value_change_callback My_Test_Data 680 2 tb.clk 0
value_change_callback My_Test_Data 690 2 tb.clk 1
value_change_callback My_Test_Data 690 4 tb.dut.counter [3:0] 1110
value_change_callback My_Test_Data 700 2 tb.clk 0
value_change_callback My_Test_Data 710 2 tb.clk 1
value_change_callback My_Test_Data 710 4 tb.dut.counter [3:0] 1111
value_change_callback My_Test_Data 710 1 tb.overflow 1
value_change_callback My_Test_Data 720 2 tb.clk 0
value_change_callback My_Test_Data 730 2 tb.clk 1
value_change_callback My_Test_Data 730 1 tb.overflow 0
value_change_callback My_Test_Data 730 4 tb.dut.counter [3:0] 0000
value_change_callback My_Test_Data 740 2 tb.clk 0
value_change_callback My_Test_Data 750 2 tb.clk 1
value_change_callback My_Test_Data 750 4 tb.dut.counter [3:0] 0001
value_change_callback My_Test_Data 760 2 tb.clk 0
value_change_callback My_Test_Data 770 2 tb.clk 1
value_change_callback My_Test_Data 770 4 tb.dut.counter [3:0] 0010
value_change_callback My_Test_Data 780 2 tb.clk 0
value_change_callback My_Test_Data 790 2 tb.clk 1
value_change_callback My_Test_Data 790 4 tb.dut.counter [3:0] 0011
value_change_callback My_Test_Data 800 2 tb.clk 0
ret 1
fstReaderIterBlocks2
value_change_callback My_Test_Data 0 4 tb.dut.counter [3:0] 0000
value_change_callback My_Test_Data 0 3 tb.reset 1
value_change_callback My_Test_Data 0 2 tb.clk 0
value_change_callback My_Test_Data 0 1 tb.overflow 0
value_change_callback My_Test_Data 10 2 tb.clk 1
value_change_callback My_Test_Data 20 2 tb.clk 0
value_change_callback My_Test_Data 30 2 tb.clk 1
value_change_callback My_Test_Data 40 2 tb.clk 0
value_change_callback My_Test_Data 50 2 tb.clk 1
value_change_callback My_Test_Data 60 2 tb.clk 0
value_change_callback My_Test_Data 70 2 tb.clk 1
value_change_callback My_Test_Data 80 2 tb.clk 0
value_change_callback My_Test_Data 90 2 tb.clk 1
value_change_callback My_Test_Data 100 2 tb.clk 0
value_change_callback My_Test_Data 100 3 tb.reset 0
value_change_callback My_Test_Data 110 2 tb.clk 1
value_change_callback My_Test_Data 110 4 tb.dut.counter [3:0] 0001
value_change_callback My_Test_Data 120 2 tb.clk 0
value_change_callback My_Test_Data 130 2 tb.clk 1
value_change_callback My_Test_Data 130 4 tb.dut.counter [3:0] 0010
value_change_callback My_Test_Data 140 2 tb.clk 0
value_change_callback My_Test_Data 150 2 tb.clk 1
value_change_callback My_Test_Data 150 4 tb.dut.counter [3:0] 0011
value_change_callback My_Test_Data 160 2 tb.clk 0
value_change_callback My_Test_Data 170 2 tb.clk 1
value_change_callback My_Test_Data 170 4 tb.dut.counter [3:0] 0100
value_change_callback My_Test_Data 180 2 tb.clk 0
value_change_callback My_Test_Data 190 2 tb.clk 1
value_change_callback My_Test_Data 190 4 tb.dut.counter [3:0] 0101
value_change_callback My_Test_Data 200 2 tb.clk 0
value_change_callback My_Test_Data 210 2 tb.clk 1
value_change_callback My_Test_Data 210 4 tb.dut.counter [3:0] 0110
value_change_callback My_Test_Data 220 2 tb.clk 0
value_change_callback My_Test_Data 230 2 tb.clk 1
value_change_callback My_Test_Data 230 4 tb.dut.counter [3:0] 0111
value_change_callback My_Test_Data 240 2 tb.clk 0
value_change_callback My_Test_Data 250 2 tb.clk 1
value_change_callback My_Test_Data 250 4 tb.dut.counter [3:0] 1000
value_change_callback My_Test_Data 260 2 tb.clk 0
value_change_callback My_Test_Data 270 2 tb.clk 1
value_change_callback My_Test_Data 270 4 tb.dut.counter [3:0] 1001
value_change_callback My_Test_Data 280 2 tb.clk 0
value_change_callback My_Test_Data 290 2 tb.clk 1
value_change_callback My_Test_Data 290 4 tb.dut.counter [3:0] 1010
value_change_callback My_Test_Data 300 2 tb.clk 0
value_change_callback My_Test_Data 310 2 tb.clk 1
value_change_callback My_Test_Data 310 4 tb.dut.counter [3:0] 1011
value_change_callback My_Test_Data 320 2 tb.clk 0
value_change_callback My_Test_Data 330 2 tb.clk 1
value_change_callback My_Test_Data 330 4 tb.dut.counter [3:0] 1100
value_change_callback My_Test_Data 340 2 tb.clk 0
value_change_callback My_Test_Data 350 2 tb.clk 1
value_change_callback My_Test_Data 350 4 tb.dut.counter [3:0] 1101
value_change_callback My_Test_Data 360 2 tb.clk 0
value_change_callback My_Test_Data 370 2 tb.clk 1
value_change_callback My_Test_Data 370 4 tb.dut.counter [3:0] 1110
value_change_callback My_Test_Data 380 2 tb.clk 0
value_change_callback My_Test_Data 390 2 tb.clk 1
value_change_callback My_Test_Data 390 4 tb.dut.counter [3:0] 1111
value_change_callback My_Test_Data 390 1 tb.overflow 1
value_change_callback My_Test_Data 400 2 tb.clk 0
value_change_callback My_Test_Data 410 2 tb.clk 1
value_change_callback My_Test_Data 410 1 tb.overflow 0
value_change_callback My_Test_Data 410 4 tb.dut.counter [3:0] 0000
value_change_callback My_Test_Data 420 2 tb.clk 0
value_change_callback My_Test_Data 430 2 tb.clk 1
value_change_callback My_Test_Data 430 4 tb.dut.counter [3:0] 0001
value_change_callback My_Test_Data 440 2 tb.clk 0
value_change_callback My_Test_Data 450 2 tb.clk 1
value_change_callback My_Test_Data 450 4 tb.dut.counter [3:0] 0010
value_change_callback My_Test_Data 460 2 tb.clk 0
value_change_callback My_Test_Data 470 2 tb.clk 1
value_change_callback My_Test_Data 470 4 tb.dut.counter [3:0] 0011
value_change_callback My_Test_Data 480 2 tb.clk 0
value_change_callback My_Test_Data 490 2 tb.clk 1
value_change_callback My_Test_Data 490 4 tb.dut.counter [3:0] 0100
value_change_callback My_Test_Data 500 2 tb.clk 0
value_change_callback My_Test_Data 510 2 tb.clk 1
value_change_callback My_Test_Data 510 4 tb.dut.counter [3:0] 0101
value_change_callback My_Test_Data 520 2 tb.clk 0
value_change_callback My_Test_Data 530 2 tb.clk 1
value_change_callback My_Test_Data 530 4 tb.dut.counter [3:0] 0110
value_change_callback My_Test_Data 540 2 tb.clk 0
value_change_callback My_Test_Data 550 2 tb.clk 1
value_change_callback My_Test_Data 550 4 tb.dut.counter [3:0] 0111
value_change_callback My_Test_Data 560 2 tb.clk 0
value_change_callback My_Test_Data 570 2 tb.clk 1
value_change_callback My_Test_Data 570 4 tb.dut.counter [3:0] 1000
value_change_callback My_Test_Data 580 2 tb.clk 0
value_change_callback My_Test_Data 590 2 tb.clk 1
value_change_callback My_Test_Data 590 4 tb.dut.counter [3:0] 1001
value_change_callback My_Test_Data 600 2 tb.clk 0
value_change_callback My_Test_Data 610 2 tb.clk 1
value_change_callback My_Test_Data 610 4 tb.dut.counter [3:0] 1010
value_change_callback My_Test_Data 620 2 tb.clk 0
value_change_callback My_Test_Data 630 2 tb.clk 1
value_change_callback My_Test_Data 630 4 tb.dut.counter [3:0] 1011
value_change_callback My_Test_Data 640 2 tb.clk 0
value_change_callback My_Test_Data 650 2 tb.clk 1
value_change_callback My_Test_Data 650 4 tb.dut.counter [3:0] 1100
value_change_callback My_Test_Data 660 2 tb.clk 0
value_change_callback My_Test_Data 670 2 tb.clk 1
value_change_callback My_Test_Data 670 4 tb.dut.counter [3:0] 1101
value_change_callback My_Test_Data 680 2 tb.clk 0
value_change_callback My_Test_Data 690 2 tb.clk 1
value_change_callback My_Test_Data 690 4 tb.dut.counter [3:0] 1110
value_change_callback My_Test_Data 700 2 tb.clk 0
value_change_callback My_Test_Data 710 2 tb.clk 1
value_change_callback My_Test_Data 710 4 tb.dut.counter [3:0] 1111
value_change_callback My_Test_Data 710 1 tb.overflow 1
value_change_callback My_Test_Data 720 2 tb.clk 0
value_change_callback My_Test_Data 730 2 tb.clk 1
value_change_callback My_Test_Data 730 1 tb.overflow 0
value_change_callback My_Test_Data 730 4 tb.dut.counter [3:0] 0000
value_change_callback My_Test_Data 740 2 tb.clk 0
value_change_callback My_Test_Data 750 2 tb.clk 1
value_change_callback My_Test_Data 750 4 tb.dut.counter [3:0] 0001
value_change_callback My_Test_Data 760 2 tb.clk 0
value_change_callback My_Test_Data 770 2 tb.clk 1
value_change_callback My_Test_Data 770 4 tb.dut.counter [3:0] 0010
value_change_callback My_Test_Data 780 2 tb.clk 0
value_change_callback My_Test_Data 790 2 tb.clk 1
value_change_callback My_Test_Data 790 4 tb.dut.counter [3:0] 0011
value_change_callback My_Test_Data 800 2 tb.clk 0
ret 1
done
