fstReaderIterBlocks
value_change_callback 0 4 tb.dut.counter [3:0] 0000
value_change_callback 0 3 tb.reset 1
value_change_callback 0 2 tb.clk 0
value_change_callback 0 1 tb.overflow 0
value_change_callback 10 2 tb.clk 1
value_change_callback 20 2 tb.clk 0
value_change_callback 30 2 tb.clk 1
value_change_callback 40 2 tb.clk 0
value_change_callback 50 2 tb.clk 1
value_change_callback 60 2 tb.clk 0
value_change_callback 70 2 tb.clk 1
value_change_callback 80 2 tb.clk 0
value_change_callback 90 2 tb.clk 1
value_change_callback 100 2 tb.clk 0
value_change_callback 100 3 tb.reset 0
value_change_callback 110 2 tb.clk 1
value_change_callback 110 4 tb.dut.counter [3:0] 0001
value_change_callback 120 2 tb.clk 0
value_change_callback 130 2 tb.clk 1
value_change_callback 130 4 tb.dut.counter [3:0] 0010
value_change_callback 140 2 tb.clk 0
value_change_callback 150 2 tb.clk 1
value_change_callback 150 4 tb.dut.counter [3:0] 0011
value_change_callback 160 2 tb.clk 0
value_change_callback 170 2 tb.clk 1
value_change_callback 170 4 tb.dut.counter [3:0] 0100
value_change_callback 180 2 tb.clk 0
value_change_callback 190 2 tb.clk 1
value_change_callback 190 4 tb.dut.counter [3:0] 0101
value_change_callback 200 2 tb.clk 0
value_change_callback 210 2 tb.clk 1
value_change_callback 210 4 tb.dut.counter [3:0] 0110
value_change_callback 220 2 tb.clk 0
value_change_callback 230 2 tb.clk 1
value_change_callback 230 4 tb.dut.counter [3:0] 0111
value_change_callback 240 2 tb.clk 0
value_change_callback 250 2 tb.clk 1
value_change_callback 250 4 tb.dut.counter [3:0] 1000
value_change_callback 260 2 tb.clk 0
value_change_callback 270 2 tb.clk 1
value_change_callback 270 4 tb.dut.counter [3:0] 1001
value_change_callback 280 2 tb.clk 0
value_change_callback 290 2 tb.clk 1
value_change_callback 290 4 tb.dut.counter [3:0] 1010
value_change_callback 300 2 tb.clk 0
value_change_callback 310 2 tb.clk 1
value_change_callback 310 4 tb.dut.counter [3:0] 1011
value_change_callback 320 2 tb.clk 0
value_change_callback 330 2 tb.clk 1
value_change_callback 330 4 tb.dut.counter [3:0] 1100
value_change_callback 340 2 tb.clk 0
value_change_callback 350 2 tb.clk 1
value_change_callback 350 4 tb.dut.counter [3:0] 1101
value_change_callback 360 2 tb.clk 0
value_change_callback 370 2 tb.clk 1
value_change_callback 370 4 tb.dut.counter [3:0] 1110
value_change_callback 380 2 tb.clk 0
value_change_callback 390 2 tb.clk 1
value_change_callback 390 4 tb.dut.counter [3:0] 1111
value_change_callback 390 1 tb.overflow 1
value_change_callback 400 2 tb.clk 0
value_change_callback 410 2 tb.clk 1
value_change_callback 410 1 tb.overflow 0
value_change_callback 410 4 tb.dut.counter [3:0] 0000
value_change_callback 420 2 tb.clk 0
value_change_callback 430 2 tb.clk 1
value_change_callback 430 4 tb.dut.counter [3:0] 0001
value_change_callback 440 2 tb.clk 0
value_change_callback 450 2 tb.clk 1
value_change_callback 450 4 tb.dut.counter [3:0] 0010
value_change_callback 460 2 tb.clk 0
value_change_callback 470 2 tb.clk 1
value_change_callback 470 4 tb.dut.counter [3:0] 0011
value_change_callback 480 2 tb.clk 0
value_change_callback 490 2 tb.clk 1
value_change_callback 490 4 tb.dut.counter [3:0] 0100
value_change_callback 500 2 tb.clk 0
value_change_callback 510 2 tb.clk 1
value_change_callback 510 4 tb.dut.counter [3:0] 0101
value_change_callback 520 2 tb.clk 0
value_change_callback 530 2 tb.clk 1
value_change_callback 530 4 tb.dut.counter [3:0] 0110
value_change_callback 540 2 tb.clk 0
value_change_callback 550 2 tb.clk 1
value_change_callback 550 4 tb.dut.counter [3:0] 0111
value_change_callback 560 2 tb.clk 0
value_change_callback 570 2 tb.clk 1
value_change_callback 570 4 tb.dut.counter [3:0] 1000
value_change_callback 580 2 tb.clk 0
value_change_callback 590 2 tb.clk 1
value_change_callback 590 4 tb.dut.counter [3:0] 1001
value_change_callback 600 2 tb.clk 0
value_change_callback 610 2 tb.clk 1
value_change_callback 610 4 tb.dut.counter [3:0] 1010
value_change_callback 620 2 tb.clk 0
value_change_callback 630 2 tb.clk 1
value_change_callback 630 4 tb.dut.counter [3:0] 1011
value_change_callback 640 2 tb.clk 0
value_change_callback 650 2 tb.clk 1
value_change_callback 650 4 tb.dut.counter [3:0] 1100
value_change_callback 660 2 tb.clk 0
value_change_callback 670 2 tb.clk 1
value_change_callback 670 4 tb.dut.counter [3:0] 1101
value_change_callback 680 2 tb.clk 0
value_change_callback 690 2 tb.clk 1
value_change_callback 690 4 tb.dut.counter [3:0] 1110
value_change_callback 700 2 tb.clk 0
value_change_callback 710 2 tb.clk 1
value_change_callback 710 4 tb.dut.counter [3:0] 1111
value_change_callback 710 1 tb.overflow 1
value_change_callback 720 2 tb.clk 0
value_change_callback 730 2 tb.clk 1
value_change_callback 730 1 tb.overflow 0
value_change_callback 730 4 tb.dut.counter [3:0] 0000
value_change_callback 740 2 tb.clk 0
value_change_callback 750 2 tb.clk 1
value_change_callback 750 4 tb.dut.counter [3:0] 0001
value_change_callback 760 2 tb.clk 0
value_change_callback 770 2 tb.clk 1
value_change_callback 770 4 tb.dut.counter [3:0] 0010
value_change_callback 780 2 tb.clk 0
value_change_callback 790 2 tb.clk 1
value_change_callback 790 4 tb.dut.counter [3:0] 0011
value_change_callback 800 2 tb.clk 0
ret 1
fstReaderIterBlocks2
value_change_callback 0 4 tb.dut.counter [3:0] 0000
value_change_callback 0 3 tb.reset 1
value_change_callback 0 2 tb.clk 0
value_change_callback 0 1 tb.overflow 0
value_change_callback 10 2 tb.clk 1
value_change_callback 20 2 tb.clk 0
value_change_callback 30 2 tb.clk 1
value_change_callback 40 2 tb.clk 0
value_change_callback 50 2 tb.clk 1
value_change_callback 60 2 tb.clk 0
value_change_callback 70 2 tb.clk 1
value_change_callback 80 2 tb.clk 0
value_change_callback 90 2 tb.clk 1
value_change_callback 100 2 tb.clk 0
value_change_callback 100 3 tb.reset 0
value_change_callback 110 2 tb.clk 1
value_change_callback 110 4 tb.dut.counter [3:0] 0001
value_change_callback 120 2 tb.clk 0
value_change_callback 130 2 tb.clk 1
value_change_callback 130 4 tb.dut.counter [3:0] 0010
value_change_callback 140 2 tb.clk 0
value_change_callback 150 2 tb.clk 1
value_change_callback 150 4 tb.dut.counter [3:0] 0011
value_change_callback 160 2 tb.clk 0
value_change_callback 170 2 tb.clk 1
value_change_callback 170 4 tb.dut.counter [3:0] 0100
value_change_callback 180 2 tb.clk 0
value_change_callback 190 2 tb.clk 1
value_change_callback 190 4 tb.dut.counter [3:0] 0101
value_change_callback 200 2 tb.clk 0
value_change_callback 210 2 tb.clk 1
value_change_callback 210 4 tb.dut.counter [3:0] 0110
value_change_callback 220 2 tb.clk 0
value_change_callback 230 2 tb.clk 1
value_change_callback 230 4 tb.dut.counter [3:0] 0111
value_change_callback 240 2 tb.clk 0
value_change_callback 250 2 tb.clk 1
value_change_callback 250 4 tb.dut.counter [3:0] 1000
value_change_callback 260 2 tb.clk 0
value_change_callback 270 2 tb.clk 1
value_change_callback 270 4 tb.dut.counter [3:0] 1001
value_change_callback 280 2 tb.clk 0
value_change_callback 290 2 tb.clk 1
value_change_callback 290 4 tb.dut.counter [3:0] 1010
value_change_callback 300 2 tb.clk 0
value_change_callback 310 2 tb.clk 1
value_change_callback 310 4 tb.dut.counter [3:0] 1011
value_change_callback 320 2 tb.clk 0
value_change_callback 330 2 tb.clk 1
value_change_callback 330 4 tb.dut.counter [3:0] 1100
value_change_callback 340 2 tb.clk 0
value_change_callback 350 2 tb.clk 1
value_change_callback 350 4 tb.dut.counter [3:0] 1101
value_change_callback 360 2 tb.clk 0
value_change_callback 370 2 tb.clk 1
value_change_callback 370 4 tb.dut.counter [3:0] 1110
value_change_callback 380 2 tb.clk 0
value_change_callback 390 2 tb.clk 1
value_change_callback 390 4 tb.dut.counter [3:0] 1111
value_change_callback 390 1 tb.overflow 1
value_change_callback 400 2 tb.clk 0
value_change_callback 410 2 tb.clk 1
value_change_callback 410 1 tb.overflow 0
value_change_callback 410 4 tb.dut.counter [3:0] 0000
value_change_callback 420 2 tb.clk 0
value_change_callback 430 2 tb.clk 1
value_change_callback 430 4 tb.dut.counter [3:0] 0001
value_change_callback 440 2 tb.clk 0
value_change_callback 450 2 tb.clk 1
value_change_callback 450 4 tb.dut.counter [3:0] 0010
value_change_callback 460 2 tb.clk 0
value_change_callback 470 2 tb.clk 1
value_change_callback 470 4 tb.dut.counter [3:0] 0011
value_change_callback 480 2 tb.clk 0
value_change_callback 490 2 tb.clk 1
value_change_callback 490 4 tb.dut.counter [3:0] 0100
value_change_callback 500 2 tb.clk 0
value_change_callback 510 2 tb.clk 1
value_change_callback 510 4 tb.dut.counter [3:0] 0101
value_change_callback 520 2 tb.clk 0
value_change_callback 530 2 tb.clk 1
value_change_callback 530 4 tb.dut.counter [3:0] 0110
value_change_callback 540 2 tb.clk 0
value_change_callback 550 2 tb.clk 1
value_change_callback 550 4 tb.dut.counter [3:0] 0111
value_change_callback 560 2 tb.clk 0
value_change_callback 570 2 tb.clk 1
value_change_callback 570 4 tb.dut.counter [3:0] 1000
value_change_callback 580 2 tb.clk 0
value_change_callback 590 2 tb.clk 1
value_change_callback 590 4 tb.dut.counter [3:0] 1001
value_change_callback 600 2 tb.clk 0
value_change_callback 610 2 tb.clk 1
value_change_callback 610 4 tb.dut.counter [3:0] 1010
value_change_callback 620 2 tb.clk 0
value_change_callback 630 2 tb.clk 1
value_change_callback 630 4 tb.dut.counter [3:0] 1011
value_change_callback 640 2 tb.clk 0
value_change_callback 650 2 tb.clk 1
value_change_callback 650 4 tb.dut.counter [3:0] 1100
value_change_callback 660 2 tb.clk 0
value_change_callback 670 2 tb.clk 1
value_change_callback 670 4 tb.dut.counter [3:0] 1101
value_change_callback 680 2 tb.clk 0
value_change_callback 690 2 tb.clk 1
value_change_callback 690 4 tb.dut.counter [3:0] 1110
value_change_callback 700 2 tb.clk 0
value_change_callback 710 2 tb.clk 1
value_change_callback 710 4 tb.dut.counter [3:0] 1111
value_change_callback 710 1 tb.overflow 1
value_change_callback 720 2 tb.clk 0
value_change_callback 730 2 tb.clk 1
value_change_callback 730 1 tb.overflow 0
value_change_callback 730 4 tb.dut.counter [3:0] 0000
value_change_callback 740 2 tb.clk 0
value_change_callback 750 2 tb.clk 1
value_change_callback 750 4 tb.dut.counter [3:0] 0001
value_change_callback 760 2 tb.clk 0
value_change_callback 770 2 tb.clk 1
value_change_callback 770 4 tb.dut.counter [3:0] 0010
value_change_callback 780 2 tb.clk 0
value_change_callback 790 2 tb.clk 1
value_change_callback 790 4 tb.dut.counter [3:0] 0011
value_change_callback 800 2 tb.clk 0
ret 1
done
